// Jest Snapshot v1, https://goo.gl/fbAQLP

exports[`HeroContent renders properly 1`] = `
"<div class=\\"pt-24\\">
  <div class=\\"container px-3 mx-auto flex flex-wrap flex-col md:flex-row items-center\\">
    <div class=\\"flex flex-col w-full md:w-2/5 justify-center items-start text-center md:text-right\\">
      <p class=\\"uppercase tracking-loose w-full\\">
        קשה לך לעקוב אחרי ההוצאות?
      </p>
      <h1 class=\\"my-4 text-5xl font-bold leading-tight\\">
        עו\\"שלי מרכז למקום אחד את כל פירוטי ההוצאות שלך
      </h1>
      <p class=\\"leading-normal text-2xl mb-8\\">
        בצורה מאובטחת, ללא צד שלישי ובפיקוח הקהילה
      </p> <button class=\\"mx-auto lg:mx-0 hover:underline bg-white text-gray-800 font-bold rounded-full my-6 py-4 px-8 shadow-lg\\">
        התקן עכשיו
      </button>
    </div>
    <div class=\\"w-full md:w-3/5 py-6 text-center\\"><img src=\\"~/assets/img/hero.png\\" alt=\\"\\" class=\\"w-full md:w-4/5 z-50\\"></div>
  </div>
</div>"
`;
